// Jest Snapshot v1, https://goo.gl/fbAQLP

exports[`testing component <GifExpertApp/> return component <GifExpertApp/> 1`] = `
<Fragment>
  <h2>
    Gif Expert App
  </h2>
  <AddCategory
    setCategories={[Function]}
  />
  <hr />
  <ol>
    <GifGrid
      category="Goku"
      key="0"
    />
  </ol>
</Fragment>
`;
